// Jest Snapshot v1, https://goo.gl/fbAQLP

exports[`Tests in <RegisterScreen /> should display propertly 1`] = `
Array [
  <h2
    className="auth__title"
  >
    Register
  </h2>,
  <form
    className="auth__form animate__animated animate__fadeIn animate__faster"
    onSubmit={[Function]}
  >
    <input
      autoComplete="off"
      className="auth__input"
      name="name"
      onChange={[Function]}
      placeholder="Name"
      type="text"
      value=""
    />
    <input
      autoComplete="off"
      className="auth__input"
      name="email"
      onChange={[Function]}
      placeholder="email"
      type="text"
      value=""
    />
    <input
      className="auth__input"
      name="password"
      onChange={[Function]}
      placeholder="Password"
      type="password"
      value=""
    />
    <input
      className="auth__input"
      name="password2"
      onChange={[Function]}
      placeholder="Confirm password"
      type="password"
      value=""
    />
    <button
      className="button mb-5"
      type="submit"
    >
      Register
    </button>
    <a
      className="link mt-1"
      href="/auth/login"
      onClick={[Function]}
    >
      Already registered?
    </a>
  </form>,
]
`;
